```shell
Microsoft Windows [版本 10.0.19042.1415]
(c) Microsoft Corporation。保留所有权利。

C:\WINDOWS\system32>cd C:\devops\mysql-8.0.27-winx64\bin

C:\devops\mysql-8.0.27-winx64\bin>mysqld --initialize --console
2021-12-21T06:12:39.620637Z 0 [System] [MY-013169] [Server] C:\devops\mysql-8.0.27-winx64\bin\mysqld.exe (mysqld 8.0.27) initializing of server in progress as process 14212
2021-12-21T06:12:39.760058Z 0 [Warning] [MY-013242] [Server] --character-set-server: 'utf8' is currently an alias for the character set UTF8MB3, but will be an alias for UTF8MB4 in a future release. Please consider using UTF8MB4 in order to be unambiguous.
2021-12-21T06:12:39.866203Z 1 [System] [MY-013576] [InnoDB] InnoDB initialization has started.
2021-12-21T06:12:49.180157Z 1 [System] [MY-013577] [InnoDB] InnoDB initialization has ended.
2021-12-21T06:13:06.120433Z 0 [Warning] [MY-013746] [Server] A deprecated TLS version TLSv1 is enabled for channel mysql_main
2021-12-21T06:13:06.120552Z 0 [Warning] [MY-013746] [Server] A deprecated TLS version TLSv1.1 is enabled for channel mysql_main
2021-12-21T06:13:24.377405Z 6 [Note] [MY-010454] [Server] A temporary password is generated for root@localhost: !/wSO6:y2-Qf

C:\devops\mysql-8.0.27-winx64\bin>mysqld install
Service successfully installed.

C:\devops\mysql-8.0.27-winx64\bin>mysqld --initialize-insecure

C:\devops\mysql-8.0.27-winx64\bin>net start mysql
MySQL 服务正在启动 ...
MySQL 服务已经启动成功。


C:\devops\mysql-8.0.27-winx64\bin>mysql -u root -p
Enter password: ************
Welcome to the MySQL monitor.  Commands end with ; or \g.
Your MySQL connection id is 8
Server version: 8.0.27

Copyright (c) 2000, 2021, Oracle and/or its affiliates.

Oracle is a registered trademark of Oracle Corporation and/or its
affiliates. Other names may be trademarks of their respective
owners.

Type 'help;' or '\h' for help. Type '\c' to clear the current input statement.

mysql> set password for root@localhost = password('root');
ERROR 1064 (42000): You have an error in your SQL syntax; check the manual that corresponds to your MySQL server version for the right syntax to use near 'password('root')' at line 1
mysql> use mysql
No connection. Trying to reconnect...
Enter password: ************
Connection id:    9
Current database: *** NONE ***

ERROR 1820 (HY000): You must reset your password using ALTER USER statement before executing this statement.
mysql> use mysql;
No connection. Trying to reconnect...
Enter password: ************
Connection id:    10
Current database: *** NONE ***

ERROR 1820 (HY000): You must reset your password using ALTER USER statement before executing this statement.
mysql> alter user user() identified by "root";
Query OK, 0 rows affected (0.19 sec)

mysql> use mysql
Database changed
mysql> show databases
    -> ;
+--------------------+
| Database           |
+--------------------+
| information_schema |
| mysql              |
| performance_schema |
| sys                |
+--------------------+
4 rows in set (0.16 sec)

mysql>
```

