# 启动与停止MySQL服务

```shell
c:\devops\mysql-8.0.27-winx64\bin>net start mysql
请求的服务已经启动。

请键入 NET HELPMSG 2182 以获得更多的帮助。


c:\devops\mysql-8.0.27-winx64\bin>net stop mysql
MySQL 服务正在停止.
MySQL 服务已成功停止。
```

# 添加 MySQL 用户

以下为添加用户的的实例，用户名为guest，密码为guest123，并授权用户可进行 SELECT, INSERT 和 UPDATE操作权限：

* 菜鸟教程：

```mysql
mysql> INSERT INTO user 
          (host, user, password, 
           select_priv, insert_priv, update_priv) 
           VALUES ('localhost', 'guest', 
           PASSWORD('guest123'), 'Y', 'Y', 'Y');
Query OK, 1 row affected (0.20 sec)
```

* **注意：**在 MySQL5.7 中 user 表的 password 已换成了**authentication_string**。
* **注意：**password() 加密函数已经在 8.0.11 中移除了，可以使用 MD5() 函数代替。
* **注意：**在注意需要执行 **FLUSH PRIVILEGES** 语句。 这个命令执行后会重新载入授权表。



所以更新后：

```mysql
mysql> INSERT INTO user
    -> (host, user, authentication_string,
    -> select_priv, insert_priv, update_priv)
    -> VALUES('localhost','ssl',
    ->  MD5('ssl123'),'Y','Y','Y');
ERROR 1364 (HY000): Field 'ssl_cipher' doesn't have a default value
```

ERROR 1364 (HY000): Field 'ssl_cipher' doesn't have a default value

需要默认值：

```my
mysql> select ssl_cipher from user where user='root';
+------------------------+
| ssl_cipher             |
+------------------------+
| 0x                     |
+------------------------+
1 row in set (0.07 sec)
```

**\G** 作为命令的结尾,
意思是格式化输出结果

最终反复试错后，得出最后的正确SQL

```mysql
mysql> insert into user
    -> (host, user, authentication_string, select_priv,insert_priv,update_priv,ssl_cipher,x509_issuer,x509_subject)
    -> values('localhost','guest',MD5('guest123'),‘Y’,‘Y’,‘Y’,‘0x’,‘0x’,'0x');
ERROR 1054 (42S22): Unknown column '‘Y’' in 'field list'
mysql> insert into user
    -> (host, user, authentication_string, select_priv,insert_priv,update_priv,ssl_cipher,x509_issuer,x509_subject)
    -> values('localhost','guest',MD5('guest123'),'Y','y','y','0x','0x','0x');,

Query OK, 1 row affected (0.19 sec)
```

```mysql
mysql> select user from user;
+------------------+
| user             |
+------------------+
| guest            |
| mysql.infoschema |
| mysql.session    |
| mysql.sys        |
| root             |
+------------------+
5 rows in set (0.00 sec)
```

你可以在创建用户时，为用户指定权限，在对应的权限列中，在插入语句中设置为 'Y' 即可，用户权限列表如下：

- Select_priv
- Insert_priv
- Update_priv
- Delete_priv
- Create_priv
- Drop_priv
- Reload_priv
- Shutdown_priv
- Process_priv
- File_priv
- Grant_priv
- References_priv
- Index_priv
- Alter_priv

另外一种添加用户的方法为通过SQL的 GRANT 命令，以下命令会给指定数据库TUTORIALS添加用户 zara ，密码为 zara123 。

```mysql
root@host# mysql -u root -p
Enter password:*******
mysql> use mysql;
Database changed

mysql> GRANT SELECT,INSERT,UPDATE,DELETE,CREATE,DROP
    -> ON TUTORIALS.*
    -> TO 'zara'@'localhost'
    -> IDENTIFIED BY 'zara123';
```

# 常用命令

```mysql
USE mysql      #	选择要操作的Mysql数据库，使用该命令后所有Mysql命令都只针对该数据库。
SHOW DATABASES #	列出 MySQL 数据库管理系统的数据库列表。
SHOW TABLES		# 显示指定数据库的所有表，使用该命令前需要使用 use 命令来选择要操作的数据库。
SHOW COLUMNS FROM user # 显示数据表的属性，属性类型，主键信息 ，是否为 NULL，默认值等其他信息。
SHOW INDEX FROM user	#显示数据表的详细索引信息，包括PRIMARY KEY（主键）。
SHOW TABLE STATUS [FROM db_name] [LIKE 'pattern'] \G: 
# 该命令将输出Mysql数据库管理系统的性能及统计信息。
mysql> SHOW TABLE STATUS  FROM RUNOOB;   # 显示数据库 RUNOOB 中所有表的信息
mysql> SHOW TABLE STATUS from RUNOOB LIKE 'runoob%';     # 表名以runoob开头的表的信息
mysql> SHOW TABLE STATUS from RUNOOB LIKE 'runoob%'\G;   # 加上 \G，查询结果按列打印
```

